// Jest Snapshot v1, https://goo.gl/fbAQLP

exports[`<Tile /> should match internal tree 1`] = `
<div
  className="tile"
/>
`;
